#-----------------------------------------------------------
# Vivado v2023.2 (64-bit)
# SW Build 4029153 on Fri Oct 13 20:14:34 MDT 2023
# IP Build 4028589 on Sat Oct 14 00:45:43 MDT 2023
# SharedData Build 4025554 on Tue Oct 10 17:18:54 MDT 2023
# Start of session at: Thu Jun  6 04:38:36 2024
# Process ID: 21656
# Current directory: C:/Users/leonozog/Desktop/AGH/Semestr_6/6JOS/prj/ZedBoard_HDMI
# Command line: vivado.exe -gui_launcher_event rodinguilauncherevent21140 C:\Users\leonozog\Desktop\AGH\Semestr_6\6JOS\prj\ZedBoard_HDMI\prj_hdmi2.xpr
# Log file: C:/Users/leonozog/Desktop/AGH/Semestr_6/6JOS/prj/ZedBoard_HDMI/vivado.log
# Journal file: C:/Users/leonozog/Desktop/AGH/Semestr_6/6JOS/prj/ZedBoard_HDMI\vivado.jou
# Running On: DESKTOP-JBTK6O5, OS: Windows, CPU Frequency: 2895 MHz, CPU Physical cores: 16, Host memory: 16505 MB
#-----------------------------------------------------------
start_gui
open_project C:/Users/leonozog/Desktop/AGH/Semestr_6/6JOS/prj/ZedBoard_HDMI/prj_hdmi2.xpr
update_compile_order -fileset sources_1
open_run impl_1
reset_run synth_1
launch_runs impl_1 -jobs 16
wait_on_run impl_1
close_design
open_run impl_1
report_timing_summary -delay_type min_max -report_unconstrained -check_timing_verbose -max_paths 10 -input_pins -routable_nets -name timing_1
close_design
reset_run synth_1
launch_runs impl_1 -jobs 16
wait_on_run impl_1
open_run impl_1
