#-----------------------------------------------------------
# Vivado v2023.2 (64-bit)
# SW Build 4029153 on Fri Oct 13 20:14:34 MDT 2023
# IP Build 4028589 on Sat Oct 14 00:45:43 MDT 2023
# SharedData Build 4025554 on Tue Oct 10 17:18:54 MDT 2023
# Start of session at: Fri Jun 14 22:24:32 2024
# Process ID: 4180
# Current directory: C:/Users/leonozog/Desktop/AGH/Semestr_6/6JOS/prj/ZedBoard_HDMI
# Command line: vivado.exe -gui_launcher_event rodinguilauncherevent16756 C:\Users\leonozog\Desktop\AGH\Semestr_6\6JOS\prj\ZedBoard_HDMI\prj_hdmi2.xpr
# Log file: C:/Users/leonozog/Desktop/AGH/Semestr_6/6JOS/prj/ZedBoard_HDMI/vivado.log
# Journal file: C:/Users/leonozog/Desktop/AGH/Semestr_6/6JOS/prj/ZedBoard_HDMI\vivado.jou
# Running On: DESKTOP-JBTK6O5, OS: Windows, CPU Frequency: 2895 MHz, CPU Physical cores: 16, Host memory: 16505 MB
#-----------------------------------------------------------
start_gui
open_project C:/Users/leonozog/Desktop/AGH/Semestr_6/6JOS/prj/ZedBoard_HDMI/prj_hdmi2.xpr
update_compile_order -fileset sources_1
# Disabling source management mode.  This is to allow the top design properties to be set without GUI intervention.
set_property source_mgmt_mode None [current_project]
set_property top tb_i2c_stream [get_filesets sim_i2c]
set_property top_lib xil_defaultlib [get_filesets sim_i2c]
# Re-enabling previously disabled source management mode.
set_property source_mgmt_mode All [current_project]
update_compile_order -fileset sim_i2c
launch_simulation -simset [get_filesets sim_i2c ]
open_wave_config C:/Users/leonozog/Desktop/AGH/Semestr_6/6JOS/prj/ZedBoard_HDMI/tb_i2c_base_behav.wcfg
source tb_i2c_stream.tcl
relaunch_sim
relaunch_sim
relaunch_sim
run 18 ms
close_sim
# Disabling source management mode.  This is to allow the top design properties to be set without GUI intervention.
set_property source_mgmt_mode None [current_project]
set_property top tb_i2c_base_write [get_filesets sim_i2c]
set_property top_lib xil_defaultlib [get_filesets sim_i2c]
# Re-enabling previously disabled source management mode.
set_property source_mgmt_mode All [current_project]
update_compile_order -fileset sim_i2c
launch_simulation -simset [get_filesets sim_i2c ]
open_wave_config C:/Users/leonozog/Desktop/AGH/Semestr_6/6JOS/prj/ZedBoard_HDMI/tb_i2c_base_behav.wcfg
source tb_i2c_base_write.tcl
relaunch_sim
save_wave_config {C:/Users/leonozog/Desktop/AGH/Semestr_6/6JOS/prj/ZedBoard_HDMI/tb_i2c_base_behav.wcfg}
close_sim
# Disabling source management mode.  This is to allow the top design properties to be set without GUI intervention.
set_property source_mgmt_mode None [current_project]
set_property top tb_i2c_base_read [get_filesets sim_i2c]
set_property top_lib xil_defaultlib [get_filesets sim_i2c]
# Re-enabling previously disabled source management mode.
set_property source_mgmt_mode All [current_project]
update_compile_order -fileset sim_i2c
launch_simulation -simset [get_filesets sim_i2c ]
open_wave_config C:/Users/leonozog/Desktop/AGH/Semestr_6/6JOS/prj/ZedBoard_HDMI/tb_i2c_base_behav.wcfg
source tb_i2c_base_read.tcl
relaunch_sim
run 18 ms
close_sim
# Disabling source management mode.  This is to allow the top design properties to be set without GUI intervention.
set_property source_mgmt_mode None [current_project]
set_property top tb_hdmi_ctrl [get_filesets sim_i2c]
set_property top_lib xil_defaultlib [get_filesets sim_i2c]
# Re-enabling previously disabled source management mode.
set_property source_mgmt_mode All [current_project]
update_compile_order -fileset sim_i2c
launch_simulation -simset [get_filesets sim_i2c ]
open_wave_config C:/Users/leonozog/Desktop/AGH/Semestr_6/6JOS/prj/ZedBoard_HDMI/tb_i2c_base_behav.wcfg
source tb_hdmi_ctrl.tcl
run 18 ms
relaunch_sim
run 18 ms
close_sim
reset_run synth_1
reset_simulation -simset sim_i2c -mode behavioral
